it\polimi\ingsw\gc49\server\Hall.class
it\polimi\ingsw\gc49\rmi_socket\datapacket\directedToClient\CHANGE_PHASE\ChangePhasePacket.class
it\polimi\ingsw\gc49\server\model\Era.class
it\polimi\ingsw\gc49\server\proxies\RmiProxyPlayer.class
it\polimi\ingsw\gc49\rmi_socket\datapacket\directedToClient\ERROR\ErrorPacket.class
it\polimi\ingsw\gc49\server\model\Card\CharacterCard\Hunter.class
it\polimi\ingsw\gc49\rmi_socket\datapacket\directedToClient\INITIALIZE_ROOM\InitializeRoomPacket.class
it\polimi\ingsw\gc49\rmi_socket\virtualMethods\virtualServers\adapters\VirtualHallServerAdapter.class
it\polimi\ingsw\gc49\rmi_socket\virtualMethods\RejoinException.class
it\polimi\ingsw\gc49\server\model\Card\BuildingCard\CharacterSetCompleteFoodCard.class
it\polimi\ingsw\gc49\client\proxies\SocketProxyServer$1.class
it\polimi\ingsw\gc49\server\model\States\State$States.class
it\polimi\ingsw\gc49\rmi_socket\datapacket\directedToServer\ROOM_phase\ROOM_COMMAND\RoomCommandPacket.class
it\polimi\ingsw\gc49\server\model\Card\Card.class
it\polimi\ingsw\gc49\server\model\BuildingEvent.class
it\polimi\ingsw\gc49\server\model\Card\CharacterCard\Builder.class
it\polimi\ingsw\gc49\client\user_input_interfaces\TerminalCommand.class
it\polimi\ingsw\gc49\rmi_socket\virtualMethods\virtualServers\VirtualRoomServer.class
it\polimi\ingsw\gc49\server\model\Game.class
it\polimi\ingsw\gc49\rmi_socket\datapacket\directedToServer\HALL_phase\HALL_COMMAND\HallCommandPacket$HallCommandType.class
it\polimi\ingsw\gc49\rmi_socket\virtualMethods\virtualClients\VirtualGameClient.class
it\polimi\ingsw\gc49\server\model\Card\BuildingCard\TwentyFiveBonusPointsEndGame.class
it\polimi\ingsw\gc49\server\model\Card\CharacterCard\Inventor.class
it\polimi\ingsw\gc49\rmi_socket\datapacket\directedToClient\UPDATE_MODEL\ModelElement\ConnectionModelElement.class
it\polimi\ingsw\gc49\rmi_socket\virtualMethods\virtualServers\VirtualServer.class
it\polimi\ingsw\gc49\client\view\RectangleAttributedString.class
it\polimi\ingsw\gc49\rmi_socket\virtualMethods\virtualServers\VirtualHallServer.class
it\polimi\ingsw\gc49\server\model\BuildingEventListener.class
it\polimi\ingsw\gc49\server\model\States\DeckEmptiedException.class
it\polimi\ingsw\gc49\server\rooms\Room.class
it\polimi\ingsw\gc49\rmi_socket\datapacket\directedToClient\UPDATE_MODEL\ModelElement\FoodAndPointsModelElement.class
it\polimi\ingsw\gc49\client\view\mockupHall\MockupRoom$RoomType.class
it\polimi\ingsw\gc49\server\model\Card\CharacterCard\Shaman.class
it\polimi\ingsw\gc49\server\proxies\SocketProxyPlayer.class
it\polimi\ingsw\gc49\rmi_socket\datapacket\STRING\StringPacket.class
it\polimi\ingsw\gc49\rmi_socket\virtualMethods\Heartbeatable.class
it\polimi\ingsw\gc49\server\controller\massi\merdoller.class
it\polimi\ingsw\gc49\server\model\Card\EventCard\RitualEvent.class
it\polimi\ingsw\gc49\client\user_input_interfaces\UserInputInterface.class
it\polimi\ingsw\gc49\server\model\Card\BuildingCard\ShamanicImmunityCard.class
it\polimi\ingsw\gc49\server\model\DataBank.class
it\polimi\ingsw\gc49\server\model\Card\CharacterCard\Gatherer.class
it\polimi\ingsw\gc49\server\model\Card\BuildingCard\BonusFoodEndTurnCard.class
it\polimi\ingsw\gc49\rmi_socket\virtualMethods\virtualServers\adapters\VirtualServerAdapter.class
it\polimi\ingsw\gc49\server\model\Card\EventCard\PaintingEvent.class
it\polimi\ingsw\gc49\server\model\States\EraEndedException.class
it\polimi\ingsw\gc49\rmi_socket\datapacket\directedToServer\HALL_phase\HALL_COMMAND\JOIN\HallJoinPacket.class
it\polimi\ingsw\gc49\rmi_socket\datapacket\directedToClient\UPDATE_MODEL\ModelElement\TotemModelElement.class
it\polimi\ingsw\gc49\server\model\States\EraEnd.class
it\polimi\ingsw\gc49\rmi_socket\datapacket\directedToServer\ROOM_phase\ROOM_COMMAND\RoomCommandPacket$RoomCommandType.class
it\polimi\ingsw\gc49\server\model\Card\EventCard\HuntingEvent.class
it\polimi\ingsw\gc49\server\model\States\OfferExecution.class
it\polimi\ingsw\gc49\server\model\CardBoard\Line.class
it\polimi\ingsw\gc49\server\ServerMultiplexer.class
it\polimi\ingsw\gc49\server\model\Card\CharacterCard\Artist.class
it\polimi\ingsw\gc49\server\controller\PlayerActionEnum.class
it\polimi\ingsw\gc49\server\model\Card\CharacterCard\CharacterCard.class
it\polimi\ingsw\gc49\rmi_socket\virtualMethods\virtualClients\VirtualRoomClient.class
it\polimi\ingsw\gc49\server\model\Track\OrderSlot.class
it\polimi\ingsw\gc49\client\proxies\SocketProxyServer.class
it\polimi\ingsw\gc49\rmi_socket\virtualMethods\virtualClients\VirtualClient.class
it\polimi\ingsw\gc49\server\model\Totem.class
it\polimi\ingsw\gc49\server\controller\MassiWuController$1.class
it\polimi\ingsw\gc49\server\model\Card\BuildingCard\BonusPointsByClassEndGameCard.class
it\polimi\ingsw\gc49\client\proxies\RmiProxyServer.class
it\polimi\ingsw\gc49\client\user_input_interfaces\TextTerminal$1.class
it\polimi\ingsw\gc49\rmi_socket\datapacket\directedToClient\INITIALIZE_HALL\InitializeHallPacket.class
it\polimi\ingsw\gc49\server\model\Track\Track.class
it\polimi\ingsw\gc49\server\model\States\InitialSetup.class
it\polimi\ingsw\gc49\rmi_socket\datapacket\directedToClient\UPDATE_MODEL\UpdateModelPacket.class
it\polimi\ingsw\gc49\rmi_socket\datapacket\directedToClient\UPDATE_MODEL\ModelElement\Cardboard\LowerDrawModelElement.class
it\polimi\ingsw\gc49\client\view\mockupModel\MockupOffer.class
it\polimi\ingsw\gc49\rmi_socket\datapacket\directedToClient\UPDATE_ROOM\UpdateRoomPacket.class
it\polimi\ingsw\gc49\rmi_socket\datapacket\directedToClient\UPDATE_MODEL\ModelElement\PlayersModelElement.class
it\polimi\ingsw\gc49\server\model\Card\BuildingCard\BonusPointsByClassEndGameCard$1.class
it\polimi\ingsw\gc49\server\model\Card\EventCard\SustenanceEvent.class
it\polimi\ingsw\gc49\server\proxies\SocketProxyPlayer$1.class
it\polimi\ingsw\gc49\rmi_socket\virtualMethods\Disconnectable.class
it\polimi\ingsw\gc49\rmi_socket\datapacket\directedToClient\UPDATE_HALL\UpdateHallPacket.class
it\polimi\ingsw\gc49\rmi_socket\datapacket\directedToClient\UPDATE_MODEL\ModelElement\CurrentPlayerModelElement.class
it\polimi\ingsw\gc49\client\view\mockupModel\MockupOrder.class
it\polimi\ingsw\gc49\client\view\mockupHall\MockupRoom.class
it\polimi\ingsw\gc49\rmi_socket\datapacket\Datapacket.class
it\polimi\ingsw\gc49\server\model\Card\BuildingCard\BonusPaintingCard.class
it\polimi\ingsw\gc49\server\model\Locks.class
it\polimi\ingsw\gc49\rmi_socket\virtualMethods\virtualServers\adapters\VirtualRoomServerAdapter.class
it\polimi\ingsw\gc49\server\model\Card\BuildingCard\SamePairInventionsCard.class
it\polimi\ingsw\gc49\server\model\Invention.class
it\polimi\ingsw\gc49\rmi_socket\datapacket\directedToServer\HALL_phase\HALL_COMMAND\HallCommandPacket.class
it\polimi\ingsw\gc49\client\view\Rectangable.class
it\polimi\ingsw\gc49\server\rooms\PlayingRoom.class
it\polimi\ingsw\gc49\rmi_socket\datapacket\directedToServer\HALL_phase\HALL_COMMAND\CREATE\HallCreatePacket.class
it\polimi\ingsw\gc49\server\model\Card\BuildingCard\ShamanicThreeStarCard.class
it\polimi\ingsw\gc49\rmi_socket\datapacket\Datapacket$DatapacketType.class
it\polimi\ingsw\gc49\rmi_socket\datapacket\directedToClient\UPDATE_MODEL\ModelElement\Cardboard\UpperDrawModelElement.class
it\polimi\ingsw\gc49\rmi_socket\virtualMethods\virtualServers\adapters\VirtualGameServerAdapter.class
it\polimi\ingsw\gc49\server\model\CardBoard\CardBoard.class
it\polimi\ingsw\gc49\server\model\States\OfferChoosing.class
it\polimi\ingsw\gc49\server\model\Player.class
it\polimi\ingsw\gc49\server\model\Track\Offer.class
it\polimi\ingsw\gc49\client\view\mockupHall\MockupHall.class
it\polimi\ingsw\gc49\rmi_socket\datapacket\directedToServer\ROOM_phase\ROOM_COMMAND\LEAVE\RoomLeavePacket.class
it\polimi\ingsw\gc49\server\model\Card\BuildingCard\DoubleBuilderPointsCard.class
it\polimi\ingsw\gc49\server\model\CardBoard\Deck.class
it\polimi\ingsw\gc49\rmi_socket\datapacket\directedToClient\INITIALIZE_MODEL\InitializeModelPacket.class
it\polimi\ingsw\gc49\rmi_socket\datapacket\directedToServer\ANY_phase\DISCONNECT\DisconnectPacket.class
it\polimi\ingsw\gc49\server\model\States\GameEnd.class
it\polimi\ingsw\gc49\server\FactoryServiceRmi.class
it\polimi\ingsw\gc49\rmi_socket\datapacket\directedToClient\UPDATE_MODEL\UpdateModelElement.class
it\polimi\ingsw\gc49\rmi_socket\virtualMethods\ApplicationPhase.class
it\polimi\ingsw\gc49\client\proxies\PhasedProxyServer.class
it\polimi\ingsw\gc49\server\model\Card\BuildingCard\OneMoreCardCard.class
it\polimi\ingsw\gc49\server\model\EventManager.class
it\polimi\ingsw\gc49\client\ClientApplication.class
it\polimi\ingsw\gc49\server\model\Card\BuildingCard\BuildingCard.class
it\polimi\ingsw\gc49\server\model\CharacterType.class
it\polimi\ingsw\gc49\server\model\Card\BuildingCard\SustainDiscountByClassCard$1.class
it\polimi\ingsw\gc49\rmi_socket\datapacket\directedToClient\UPDATE_MODEL\ModelElement\OrderboardModelElement.class
it\polimi\ingsw\gc49\server\model\Card\EventCard\EventCard.class
it\polimi\ingsw\gc49\server\model\CardBoard\Deck$1.class
it\polimi\ingsw\gc49\server\model\States\TotemChoosing.class
it\polimi\ingsw\gc49\server\model\Card\BuildingCard\SustainDiscountByClassCard.class
it\polimi\ingsw\gc49\client\view\Mockup.class
it\polimi\ingsw\gc49\rmi_socket\datapacket\directedToClient\UPDATE_MODEL\ModelElement\Cardboard\FullCardboardModelElement.class
it\polimi\ingsw\gc49\rmi_socket\datapacket\HEARTBEAT\HeartbeatPacket.class
it\polimi\ingsw\gc49\rmi_socket\virtualMethods\virtualServers\VirtualGameServer.class
it\polimi\ingsw\gc49\server\proxies\PhasedProxyPlayer.class
it\polimi\ingsw\gc49\rmi_socket\virtualMethods\virtualClients\VirtualHallClient.class
it\polimi\ingsw\gc49\server\model\Card\BuildingCard\CharacterSetCompletePointEndGameCard.class
it\polimi\ingsw\gc49\server\controller\MassiWuController.class
it\polimi\ingsw\gc49\server\model\States\RoundEnd.class
it\polimi\ingsw\gc49\server\model\Card\BuildingCard\BonusHuntingCard.class
it\polimi\ingsw\gc49\server\rooms\WaitingRoom.class
it\polimi\ingsw\gc49\client\user_input_interfaces\TextTerminal.class
it\polimi\ingsw\gc49\rmi_socket\datapacket\directedToClient\UPDATE_MODEL\ModelElement\OfferboardModelElement.class
it\polimi\ingsw\gc49\server\model\Card\BuildingCard\DoubleShamanPointsCard.class
it\polimi\ingsw\gc49\rmi_socket\datapacket\directedToServer\GAME_phase\COMMAND\CommandPacket.class
it\polimi\ingsw\gc49\rmi_socket\datapacket\directedToClient\UPDATE_MODEL\ModelElement\ReturnModelElement.class
it\polimi\ingsw\gc49\server\model\States\State.class
it\polimi\ingsw\gc49\server\model\Track\NotValidOfferException.class
it\polimi\ingsw\gc49\client\view\mockupModel\MockupGame.class
it\polimi\ingsw\gc49\rmi_socket\virtualMethods\RoomFullException.class
it\polimi\ingsw\gc49\client\view\mockupModel\MockupPlayer.class
