C:\Users\Max\progetti\IS26-GC49\src\main\java\it\polimi\ingsw\gc49\client\ClientApplication.java
C:\Users\Max\progetti\IS26-GC49\src\main\java\it\polimi\ingsw\gc49\client\gui\ConnectPanel.java
C:\Users\Max\progetti\IS26-GC49\src\main\java\it\polimi\ingsw\gc49\client\gui\GamePanel.java
C:\Users\Max\progetti\IS26-GC49\src\main\java\it\polimi\ingsw\gc49\client\gui\GuiInputInterface.java
C:\Users\Max\progetti\IS26-GC49\src\main\java\it\polimi\ingsw\gc49\client\gui\HallPanel.java
C:\Users\Max\progetti\IS26-GC49\src\main\java\it\polimi\ingsw\gc49\client\gui\ImageAssetManager.java
C:\Users\Max\progetti\IS26-GC49\src\main\java\it\polimi\ingsw\gc49\client\gui\MainFrame.java
C:\Users\Max\progetti\IS26-GC49\src\main\java\it\polimi\ingsw\gc49\client\gui\RoomPanel.java
C:\Users\Max\progetti\IS26-GC49\src\main\java\it\polimi\ingsw\gc49\client\proxies\PhasedProxyServer.java
C:\Users\Max\progetti\IS26-GC49\src\main\java\it\polimi\ingsw\gc49\client\proxies\RmiProxyServer.java
C:\Users\Max\progetti\IS26-GC49\src\main\java\it\polimi\ingsw\gc49\client\proxies\SocketProxyServer.java
C:\Users\Max\progetti\IS26-GC49\src\main\java\it\polimi\ingsw\gc49\client\user_input_interfaces\CommandsList.java
C:\Users\Max\progetti\IS26-GC49\src\main\java\it\polimi\ingsw\gc49\client\user_input_interfaces\Legend.java
C:\Users\Max\progetti\IS26-GC49\src\main\java\it\polimi\ingsw\gc49\client\user_input_interfaces\Manual.java
C:\Users\Max\progetti\IS26-GC49\src\main\java\it\polimi\ingsw\gc49\client\user_input_interfaces\TerminalCommand.java
C:\Users\Max\progetti\IS26-GC49\src\main\java\it\polimi\ingsw\gc49\client\user_input_interfaces\TextTerminal.java
C:\Users\Max\progetti\IS26-GC49\src\main\java\it\polimi\ingsw\gc49\client\user_input_interfaces\UserInputInterface.java
C:\Users\Max\progetti\IS26-GC49\src\main\java\it\polimi\ingsw\gc49\client\view\ItaEngRectangable.java
C:\Users\Max\progetti\IS26-GC49\src\main\java\it\polimi\ingsw\gc49\client\view\ItaEngRectangleAttributedString.java
C:\Users\Max\progetti\IS26-GC49\src\main\java\it\polimi\ingsw\gc49\client\view\Mockup.java
C:\Users\Max\progetti\IS26-GC49\src\main\java\it\polimi\ingsw\gc49\client\view\mockupHall\MockupHall.java
C:\Users\Max\progetti\IS26-GC49\src\main\java\it\polimi\ingsw\gc49\client\view\mockupHall\MockupRoom.java
C:\Users\Max\progetti\IS26-GC49\src\main\java\it\polimi\ingsw\gc49\client\view\mockupModel\MockupGame.java
C:\Users\Max\progetti\IS26-GC49\src\main\java\it\polimi\ingsw\gc49\client\view\mockupModel\MockupOffer.java
C:\Users\Max\progetti\IS26-GC49\src\main\java\it\polimi\ingsw\gc49\client\view\mockupModel\MockupOrder.java
C:\Users\Max\progetti\IS26-GC49\src\main\java\it\polimi\ingsw\gc49\client\view\mockupModel\MockupPlayer.java
C:\Users\Max\progetti\IS26-GC49\src\main\java\it\polimi\ingsw\gc49\client\view\Rectangable.java
C:\Users\Max\progetti\IS26-GC49\src\main\java\it\polimi\ingsw\gc49\client\view\RectangleAttributedString.java
C:\Users\Max\progetti\IS26-GC49\src\main\java\it\polimi\ingsw\gc49\ItaEngAttributedStringBuilder.java
C:\Users\Max\progetti\IS26-GC49\src\main\java\it\polimi\ingsw\gc49\ItaEngString.java
C:\Users\Max\progetti\IS26-GC49\src\main\java\it\polimi\ingsw\gc49\rmi_socket\datapacket\Datapacket.java
C:\Users\Max\progetti\IS26-GC49\src\main\java\it\polimi\ingsw\gc49\rmi_socket\datapacket\directedToClient\CHANGE_PHASE\ChangePhasePacket.java
C:\Users\Max\progetti\IS26-GC49\src\main\java\it\polimi\ingsw\gc49\rmi_socket\datapacket\directedToClient\ERROR\ErrorPacket.java
C:\Users\Max\progetti\IS26-GC49\src\main\java\it\polimi\ingsw\gc49\rmi_socket\datapacket\directedToClient\INITIALIZE_HALL\InitializeHallPacket.java
C:\Users\Max\progetti\IS26-GC49\src\main\java\it\polimi\ingsw\gc49\rmi_socket\datapacket\directedToClient\INITIALIZE_MODEL\InitializeModelPacket.java
C:\Users\Max\progetti\IS26-GC49\src\main\java\it\polimi\ingsw\gc49\rmi_socket\datapacket\directedToClient\INITIALIZE_ROOM\InitializeRoomPacket.java
C:\Users\Max\progetti\IS26-GC49\src\main\java\it\polimi\ingsw\gc49\rmi_socket\datapacket\directedToClient\UPDATE_HALL\UpdateHallPacket.java
C:\Users\Max\progetti\IS26-GC49\src\main\java\it\polimi\ingsw\gc49\rmi_socket\datapacket\directedToClient\UPDATE_MODEL\ModelElement\Cardboard\FullCardboardModelElement.java
C:\Users\Max\progetti\IS26-GC49\src\main\java\it\polimi\ingsw\gc49\rmi_socket\datapacket\directedToClient\UPDATE_MODEL\ModelElement\Cardboard\LowerDrawModelElement.java
C:\Users\Max\progetti\IS26-GC49\src\main\java\it\polimi\ingsw\gc49\rmi_socket\datapacket\directedToClient\UPDATE_MODEL\ModelElement\Cardboard\UpperDrawModelElement.java
C:\Users\Max\progetti\IS26-GC49\src\main\java\it\polimi\ingsw\gc49\rmi_socket\datapacket\directedToClient\UPDATE_MODEL\ModelElement\GameStatusModelElement.java
C:\Users\Max\progetti\IS26-GC49\src\main\java\it\polimi\ingsw\gc49\rmi_socket\datapacket\directedToClient\UPDATE_MODEL\ModelElement\OfferOrderboard\OfferOrderboardModelElement.java
C:\Users\Max\progetti\IS26-GC49\src\main\java\it\polimi\ingsw\gc49\rmi_socket\datapacket\directedToClient\UPDATE_MODEL\ModelElement\OfferOrderboard\OrderboardModelElement.java
C:\Users\Max\progetti\IS26-GC49\src\main\java\it\polimi\ingsw\gc49\rmi_socket\datapacket\directedToClient\UPDATE_MODEL\ModelElement\OfferOrderboard\ReturnModelElement.java
C:\Users\Max\progetti\IS26-GC49\src\main\java\it\polimi\ingsw\gc49\rmi_socket\datapacket\directedToClient\UPDATE_MODEL\ModelElement\Players\ConnectionModelElement.java
C:\Users\Max\progetti\IS26-GC49\src\main\java\it\polimi\ingsw\gc49\rmi_socket\datapacket\directedToClient\UPDATE_MODEL\ModelElement\Players\CurrentPlayerModelElement.java
C:\Users\Max\progetti\IS26-GC49\src\main\java\it\polimi\ingsw\gc49\rmi_socket\datapacket\directedToClient\UPDATE_MODEL\ModelElement\Players\FoodAndPointsAllModelElement.java
C:\Users\Max\progetti\IS26-GC49\src\main\java\it\polimi\ingsw\gc49\rmi_socket\datapacket\directedToClient\UPDATE_MODEL\ModelElement\Players\FoodAndPointsOneModelElement.java
C:\Users\Max\progetti\IS26-GC49\src\main\java\it\polimi\ingsw\gc49\rmi_socket\datapacket\directedToClient\UPDATE_MODEL\ModelElement\Players\PlayersModelElement.java
C:\Users\Max\progetti\IS26-GC49\src\main\java\it\polimi\ingsw\gc49\rmi_socket\datapacket\directedToClient\UPDATE_MODEL\ModelElement\Players\TotemModelElement.java
C:\Users\Max\progetti\IS26-GC49\src\main\java\it\polimi\ingsw\gc49\rmi_socket\datapacket\directedToClient\UPDATE_MODEL\ModelElement\TextModelElement.java
C:\Users\Max\progetti\IS26-GC49\src\main\java\it\polimi\ingsw\gc49\rmi_socket\datapacket\directedToClient\UPDATE_MODEL\UpdateModelElement.java
C:\Users\Max\progetti\IS26-GC49\src\main\java\it\polimi\ingsw\gc49\rmi_socket\datapacket\directedToClient\UPDATE_MODEL\UpdateModelPacket.java
C:\Users\Max\progetti\IS26-GC49\src\main\java\it\polimi\ingsw\gc49\rmi_socket\datapacket\directedToClient\UPDATE_ROOM\UpdateRoomPacket.java
C:\Users\Max\progetti\IS26-GC49\src\main\java\it\polimi\ingsw\gc49\rmi_socket\datapacket\directedToServer\ANY_phase\DISCONNECT\DisconnectPacket.java
C:\Users\Max\progetti\IS26-GC49\src\main\java\it\polimi\ingsw\gc49\rmi_socket\datapacket\directedToServer\GAME_phase\COMMAND\CommandPacket.java
C:\Users\Max\progetti\IS26-GC49\src\main\java\it\polimi\ingsw\gc49\rmi_socket\datapacket\directedToServer\HALL_phase\HALL_COMMAND\CREATE\HallCreatePacket.java
C:\Users\Max\progetti\IS26-GC49\src\main\java\it\polimi\ingsw\gc49\rmi_socket\datapacket\directedToServer\HALL_phase\HALL_COMMAND\HallCommandPacket.java
C:\Users\Max\progetti\IS26-GC49\src\main\java\it\polimi\ingsw\gc49\rmi_socket\datapacket\directedToServer\HALL_phase\HALL_COMMAND\JOIN\HallJoinPacket.java
C:\Users\Max\progetti\IS26-GC49\src\main\java\it\polimi\ingsw\gc49\rmi_socket\datapacket\directedToServer\ROOM_phase\ROOM_COMMAND\LEAVE\RoomLeavePacket.java
C:\Users\Max\progetti\IS26-GC49\src\main\java\it\polimi\ingsw\gc49\rmi_socket\datapacket\directedToServer\ROOM_phase\ROOM_COMMAND\RoomCommandPacket.java
C:\Users\Max\progetti\IS26-GC49\src\main\java\it\polimi\ingsw\gc49\rmi_socket\datapacket\HEARTBEAT\HeartbeatPacket.java
C:\Users\Max\progetti\IS26-GC49\src\main\java\it\polimi\ingsw\gc49\rmi_socket\datapacket\STRING\StringPacket.java
C:\Users\Max\progetti\IS26-GC49\src\main\java\it\polimi\ingsw\gc49\rmi_socket\virtualMethods\ApplicationPhase.java
C:\Users\Max\progetti\IS26-GC49\src\main\java\it\polimi\ingsw\gc49\rmi_socket\virtualMethods\Disconnectable.java
C:\Users\Max\progetti\IS26-GC49\src\main\java\it\polimi\ingsw\gc49\rmi_socket\virtualMethods\Heartbeatable.java
C:\Users\Max\progetti\IS26-GC49\src\main\java\it\polimi\ingsw\gc49\rmi_socket\virtualMethods\RejoinException.java
C:\Users\Max\progetti\IS26-GC49\src\main\java\it\polimi\ingsw\gc49\rmi_socket\virtualMethods\RoomFullException.java
C:\Users\Max\progetti\IS26-GC49\src\main\java\it\polimi\ingsw\gc49\rmi_socket\virtualMethods\virtualClients\VirtualClient.java
C:\Users\Max\progetti\IS26-GC49\src\main\java\it\polimi\ingsw\gc49\rmi_socket\virtualMethods\virtualClients\VirtualGameClient.java
C:\Users\Max\progetti\IS26-GC49\src\main\java\it\polimi\ingsw\gc49\rmi_socket\virtualMethods\virtualClients\VirtualHallClient.java
C:\Users\Max\progetti\IS26-GC49\src\main\java\it\polimi\ingsw\gc49\rmi_socket\virtualMethods\virtualClients\VirtualRoomClient.java
C:\Users\Max\progetti\IS26-GC49\src\main\java\it\polimi\ingsw\gc49\rmi_socket\virtualMethods\virtualServers\adapters\VirtualGameServerAdapter.java
C:\Users\Max\progetti\IS26-GC49\src\main\java\it\polimi\ingsw\gc49\rmi_socket\virtualMethods\virtualServers\adapters\VirtualHallServerAdapter.java
C:\Users\Max\progetti\IS26-GC49\src\main\java\it\polimi\ingsw\gc49\rmi_socket\virtualMethods\virtualServers\adapters\VirtualRoomServerAdapter.java
C:\Users\Max\progetti\IS26-GC49\src\main\java\it\polimi\ingsw\gc49\rmi_socket\virtualMethods\virtualServers\adapters\VirtualServerAdapter.java
C:\Users\Max\progetti\IS26-GC49\src\main\java\it\polimi\ingsw\gc49\rmi_socket\virtualMethods\virtualServers\VirtualGameServer.java
C:\Users\Max\progetti\IS26-GC49\src\main\java\it\polimi\ingsw\gc49\rmi_socket\virtualMethods\virtualServers\VirtualHallServer.java
C:\Users\Max\progetti\IS26-GC49\src\main\java\it\polimi\ingsw\gc49\rmi_socket\virtualMethods\virtualServers\VirtualRoomServer.java
C:\Users\Max\progetti\IS26-GC49\src\main\java\it\polimi\ingsw\gc49\rmi_socket\virtualMethods\virtualServers\VirtualServer.java
C:\Users\Max\progetti\IS26-GC49\src\main\java\it\polimi\ingsw\gc49\server\controller\massi\merdoller.java
C:\Users\Max\progetti\IS26-GC49\src\main\java\it\polimi\ingsw\gc49\server\controller\MassiWuPeppeController.java
C:\Users\Max\progetti\IS26-GC49\src\main\java\it\polimi\ingsw\gc49\server\controller\PlayerActionEnum.java
C:\Users\Max\progetti\IS26-GC49\src\main\java\it\polimi\ingsw\gc49\server\FactoryServiceRmi.java
C:\Users\Max\progetti\IS26-GC49\src\main\java\it\polimi\ingsw\gc49\server\Hall.java
C:\Users\Max\progetti\IS26-GC49\src\main\java\it\polimi\ingsw\gc49\server\model\BuildingEvent.java
C:\Users\Max\progetti\IS26-GC49\src\main\java\it\polimi\ingsw\gc49\server\model\BuildingEventListener.java
C:\Users\Max\progetti\IS26-GC49\src\main\java\it\polimi\ingsw\gc49\server\model\Card\BuildingCard\BonusFoodEndTurnCard.java
C:\Users\Max\progetti\IS26-GC49\src\main\java\it\polimi\ingsw\gc49\server\model\Card\BuildingCard\BonusHuntingCard.java
C:\Users\Max\progetti\IS26-GC49\src\main\java\it\polimi\ingsw\gc49\server\model\Card\BuildingCard\BonusPaintingCard.java
C:\Users\Max\progetti\IS26-GC49\src\main\java\it\polimi\ingsw\gc49\server\model\Card\BuildingCard\BonusPointsByClassEndGameCard.java
C:\Users\Max\progetti\IS26-GC49\src\main\java\it\polimi\ingsw\gc49\server\model\Card\BuildingCard\BuildingCard.java
C:\Users\Max\progetti\IS26-GC49\src\main\java\it\polimi\ingsw\gc49\server\model\Card\BuildingCard\CharacterSetCompleteFoodCard.java
C:\Users\Max\progetti\IS26-GC49\src\main\java\it\polimi\ingsw\gc49\server\model\Card\BuildingCard\CharacterSetCompletePointEndGameCard.java
C:\Users\Max\progetti\IS26-GC49\src\main\java\it\polimi\ingsw\gc49\server\model\Card\BuildingCard\DoubleBuilderPointsCard.java
C:\Users\Max\progetti\IS26-GC49\src\main\java\it\polimi\ingsw\gc49\server\model\Card\BuildingCard\DoubleShamanPointsCard.java
C:\Users\Max\progetti\IS26-GC49\src\main\java\it\polimi\ingsw\gc49\server\model\Card\BuildingCard\OneMoreCardCard.java
C:\Users\Max\progetti\IS26-GC49\src\main\java\it\polimi\ingsw\gc49\server\model\Card\BuildingCard\SamePairInventionsCard.java
C:\Users\Max\progetti\IS26-GC49\src\main\java\it\polimi\ingsw\gc49\server\model\Card\BuildingCard\ShamanicImmunityCard.java
C:\Users\Max\progetti\IS26-GC49\src\main\java\it\polimi\ingsw\gc49\server\model\Card\BuildingCard\ShamanicThreeStarCard.java
C:\Users\Max\progetti\IS26-GC49\src\main\java\it\polimi\ingsw\gc49\server\model\Card\BuildingCard\SustainDiscountByClassCard.java
C:\Users\Max\progetti\IS26-GC49\src\main\java\it\polimi\ingsw\gc49\server\model\Card\BuildingCard\TwentyFiveBonusPointsEndGame.java
C:\Users\Max\progetti\IS26-GC49\src\main\java\it\polimi\ingsw\gc49\server\model\Card\Card.java
C:\Users\Max\progetti\IS26-GC49\src\main\java\it\polimi\ingsw\gc49\server\model\Card\CharacterCard\Artist.java
C:\Users\Max\progetti\IS26-GC49\src\main\java\it\polimi\ingsw\gc49\server\model\Card\CharacterCard\Builder.java
C:\Users\Max\progetti\IS26-GC49\src\main\java\it\polimi\ingsw\gc49\server\model\Card\CharacterCard\CharacterCard.java
C:\Users\Max\progetti\IS26-GC49\src\main\java\it\polimi\ingsw\gc49\server\model\Card\CharacterCard\Gatherer.java
C:\Users\Max\progetti\IS26-GC49\src\main\java\it\polimi\ingsw\gc49\server\model\Card\CharacterCard\Hunter.java
C:\Users\Max\progetti\IS26-GC49\src\main\java\it\polimi\ingsw\gc49\server\model\Card\CharacterCard\Invention.java
C:\Users\Max\progetti\IS26-GC49\src\main\java\it\polimi\ingsw\gc49\server\model\Card\CharacterCard\Inventor.java
C:\Users\Max\progetti\IS26-GC49\src\main\java\it\polimi\ingsw\gc49\server\model\Card\CharacterCard\Shaman.java
C:\Users\Max\progetti\IS26-GC49\src\main\java\it\polimi\ingsw\gc49\server\model\Card\EventCard\EventCard.java
C:\Users\Max\progetti\IS26-GC49\src\main\java\it\polimi\ingsw\gc49\server\model\Card\EventCard\HuntingEvent.java
C:\Users\Max\progetti\IS26-GC49\src\main\java\it\polimi\ingsw\gc49\server\model\Card\EventCard\PaintingEvent.java
C:\Users\Max\progetti\IS26-GC49\src\main\java\it\polimi\ingsw\gc49\server\model\Card\EventCard\RitualEvent.java
C:\Users\Max\progetti\IS26-GC49\src\main\java\it\polimi\ingsw\gc49\server\model\Card\EventCard\SustenanceEvent.java
C:\Users\Max\progetti\IS26-GC49\src\main\java\it\polimi\ingsw\gc49\server\model\CardBoard\CardBoard.java
C:\Users\Max\progetti\IS26-GC49\src\main\java\it\polimi\ingsw\gc49\server\model\CardBoard\Deck.java
C:\Users\Max\progetti\IS26-GC49\src\main\java\it\polimi\ingsw\gc49\server\model\CardBoard\Line.java
C:\Users\Max\progetti\IS26-GC49\src\main\java\it\polimi\ingsw\gc49\server\model\CharacterType.java
C:\Users\Max\progetti\IS26-GC49\src\main\java\it\polimi\ingsw\gc49\server\model\DataBank.java
C:\Users\Max\progetti\IS26-GC49\src\main\java\it\polimi\ingsw\gc49\server\model\Era.java
C:\Users\Max\progetti\IS26-GC49\src\main\java\it\polimi\ingsw\gc49\server\model\EventManager.java
C:\Users\Max\progetti\IS26-GC49\src\main\java\it\polimi\ingsw\gc49\server\model\Game.java
C:\Users\Max\progetti\IS26-GC49\src\main\java\it\polimi\ingsw\gc49\server\model\LockObject.java
C:\Users\Max\progetti\IS26-GC49\src\main\java\it\polimi\ingsw\gc49\server\model\Locks.java
C:\Users\Max\progetti\IS26-GC49\src\main\java\it\polimi\ingsw\gc49\server\model\Player.java
C:\Users\Max\progetti\IS26-GC49\src\main\java\it\polimi\ingsw\gc49\server\model\playerExceptions\InvalidTotem.java
C:\Users\Max\progetti\IS26-GC49\src\main\java\it\polimi\ingsw\gc49\server\model\playerExceptions\NotValidOfferException.java
C:\Users\Max\progetti\IS26-GC49\src\main\java\it\polimi\ingsw\gc49\server\model\playerExceptions\NotYourTurnException.java
C:\Users\Max\progetti\IS26-GC49\src\main\java\it\polimi\ingsw\gc49\server\model\playerExceptions\PlayerException.java
C:\Users\Max\progetti\IS26-GC49\src\main\java\it\polimi\ingsw\gc49\server\model\QueueUpdatable.java
C:\Users\Max\progetti\IS26-GC49\src\main\java\it\polimi\ingsw\gc49\server\model\States\DeckEmptiedException.java
C:\Users\Max\progetti\IS26-GC49\src\main\java\it\polimi\ingsw\gc49\server\model\States\EraEnd.java
C:\Users\Max\progetti\IS26-GC49\src\main\java\it\polimi\ingsw\gc49\server\model\States\EraEndedException.java
C:\Users\Max\progetti\IS26-GC49\src\main\java\it\polimi\ingsw\gc49\server\model\States\GameEnd.java
C:\Users\Max\progetti\IS26-GC49\src\main\java\it\polimi\ingsw\gc49\server\model\States\InitialSetup.java
C:\Users\Max\progetti\IS26-GC49\src\main\java\it\polimi\ingsw\gc49\server\model\States\OfferChoosing.java
C:\Users\Max\progetti\IS26-GC49\src\main\java\it\polimi\ingsw\gc49\server\model\States\OfferExecution.java
C:\Users\Max\progetti\IS26-GC49\src\main\java\it\polimi\ingsw\gc49\server\model\States\RoundEnd.java
C:\Users\Max\progetti\IS26-GC49\src\main\java\it\polimi\ingsw\gc49\server\model\States\State.java
C:\Users\Max\progetti\IS26-GC49\src\main\java\it\polimi\ingsw\gc49\server\model\States\TotemChoosing.java
C:\Users\Max\progetti\IS26-GC49\src\main\java\it\polimi\ingsw\gc49\server\model\Totem.java
C:\Users\Max\progetti\IS26-GC49\src\main\java\it\polimi\ingsw\gc49\server\model\Track\Offer.java
C:\Users\Max\progetti\IS26-GC49\src\main\java\it\polimi\ingsw\gc49\server\model\Track\OrderSlot.java
C:\Users\Max\progetti\IS26-GC49\src\main\java\it\polimi\ingsw\gc49\server\model\Track\Track.java
C:\Users\Max\progetti\IS26-GC49\src\main\java\it\polimi\ingsw\gc49\server\proxies\PhasedProxyPlayer.java
C:\Users\Max\progetti\IS26-GC49\src\main\java\it\polimi\ingsw\gc49\server\proxies\RmiProxyPlayer.java
C:\Users\Max\progetti\IS26-GC49\src\main\java\it\polimi\ingsw\gc49\server\proxies\SocketProxyPlayer.java
C:\Users\Max\progetti\IS26-GC49\src\main\java\it\polimi\ingsw\gc49\server\rooms\PlayingRoom.java
C:\Users\Max\progetti\IS26-GC49\src\main\java\it\polimi\ingsw\gc49\server\rooms\Room.java
C:\Users\Max\progetti\IS26-GC49\src\main\java\it\polimi\ingsw\gc49\server\rooms\WaitingRoom.java
C:\Users\Max\progetti\IS26-GC49\src\main\java\it\polimi\ingsw\gc49\server\ServerMultiplexer.java
