C:\Users\Max\progetti\IS26-GC49\src\test\java\it\polimi\ingsw\gc49\model\Card\BuildingCard\BuildingCardTest.java
C:\Users\Max\progetti\IS26-GC49\src\test\java\it\polimi\ingsw\gc49\model\Card\BuildingCard\CharacterSetCompleteFoodCardTest.java
C:\Users\Max\progetti\IS26-GC49\src\test\java\it\polimi\ingsw\gc49\model\Card\BuildingCard\SamePairInventionsCardTest.java
C:\Users\Max\progetti\IS26-GC49\src\test\java\it\polimi\ingsw\gc49\model\Card\TribeCards\CharacterCard\CharacterCardTest.java
C:\Users\Max\progetti\IS26-GC49\src\test\java\it\polimi\ingsw\gc49\model\Card\TribeCards\CharacterCard\CharacterCardTest2.java
C:\Users\Max\progetti\IS26-GC49\src\test\java\it\polimi\ingsw\gc49\model\Card\TribeCards\EventCard\EventCardTest.java
C:\Users\Max\progetti\IS26-GC49\src\test\java\it\polimi\ingsw\gc49\model\Card\TribeCards\EventCard\EventCardWithBuildingEffectsTest.java
C:\Users\Max\progetti\IS26-GC49\src\test\java\it\polimi\ingsw\gc49\model\Card\TribeCards\EventCard\EventCardWithoutBuildingEffectsTest.java
C:\Users\Max\progetti\IS26-GC49\src\test\java\it\polimi\ingsw\gc49\model\CardBoard\CardBoardTest.java
C:\Users\Max\progetti\IS26-GC49\src\test\java\it\polimi\ingsw\gc49\model\CardBoard\DeckTest.java
C:\Users\Max\progetti\IS26-GC49\src\test\java\it\polimi\ingsw\gc49\model\CardBoard\LineTest.java
C:\Users\Max\progetti\IS26-GC49\src\test\java\it\polimi\ingsw\gc49\model\EraTest.java
C:\Users\Max\progetti\IS26-GC49\src\test\java\it\polimi\ingsw\gc49\model\PlayerTest.java
C:\Users\Max\progetti\IS26-GC49\src\test\java\it\polimi\ingsw\gc49\model\States\EraEndTest.java
C:\Users\Max\progetti\IS26-GC49\src\test\java\it\polimi\ingsw\gc49\model\States\InitialSetupTest.java
C:\Users\Max\progetti\IS26-GC49\src\test\java\it\polimi\ingsw\gc49\model\Track\OrderSlotTest.java
C:\Users\Max\progetti\IS26-GC49\src\test\java\it\polimi\ingsw\gc49\model\Track\TrackTest.java
