it\polimi\ingsw\gc49\rmi_socket\virtualMethods\ApplicationPhaseTest.class
it\polimi\ingsw\gc49\server\model\Card\CharacterCard\CharacterCardTest$ArtistTest.class
it\polimi\ingsw\gc49\server\model\Card\CharacterCard\CharacterCardTest$BuilderTest.class
it\polimi\ingsw\gc49\server\model\playerExceptions\NotYourTurnExceptionTest.class
it\polimi\ingsw\gc49\server\model\playerExceptions\NotValidOfferExceptionTest.class
it\polimi\ingsw\gc49\server\model\Card\BuildingCard\SamePairInventionsCardTest.class
it\polimi\ingsw\gc49\server\model\Card\CardTest$TestCard.class
it\polimi\ingsw\gc49\server\model\Card\CharacterCard\CharacterCardRenderingTest.class
it\polimi\ingsw\gc49\server\model\Card\EventCard\EventCardRenderingTest.class
it\polimi\ingsw\gc49\server\model\CardBoard\DeckLoadingTest.class
it\polimi\ingsw\gc49\server\model\DataBankTest.class
it\polimi\ingsw\gc49\server\model\Card\EventCard\HuntingEventTest.class
it\polimi\ingsw\gc49\server\model\EventManagerTest.class
it\polimi\ingsw\gc49\client\user_input_interfaces\ManualTest.class
it\polimi\ingsw\gc49\server\model\Card\BuildingCard\BuildingCardTest$TestBuildingCard.class
it\polimi\ingsw\gc49\client\view\mockupHall\MockupHallTest.class
it\polimi\ingsw\gc49\server\model\GameTest$Connection.class
it\polimi\ingsw\gc49\server\model\Card\CharacterCard\BuilderTest.class
it\polimi\ingsw\gc49\server\model\Card\CharacterCard\ArtistTest.class
it\polimi\ingsw\gc49\server\model\Card\CharacterCard\CharacterCardTest$HunterTest.class
it\polimi\ingsw\gc49\server\model\Card\CharacterCard\InventorTest.class
it\polimi\ingsw\gc49\server\model\Card\EventCard\SustenanceEventTest.class
it\polimi\ingsw\gc49\server\model\CardBoard\LineTest.class
it\polimi\ingsw\gc49\client\gui\ImageAssetManagerTest.class
it\polimi\ingsw\gc49\server\rooms\WaitingRoomTest.class
it\polimi\ingsw\gc49\client\user_input_interfaces\CommandsListTest.class
it\polimi\ingsw\gc49\server\model\Card\BuildingCard\DoubleBuilderPointsCardTest.class
it\polimi\ingsw\gc49\server\model\States\EraEndTest.class
it\polimi\ingsw\gc49\model\Card\TribeCards\EventCard\EventCardWithBuildingEffectsTest.class
it\polimi\ingsw\gc49\client\user_input_interfaces\LegendTest.class
it\polimi\ingsw\gc49\client\gui\GamePanelRenderSmokeTest.class
it\polimi\ingsw\gc49\server\model\Card\BuildingCard\DoubleShamanPointsCardTest.class
it\polimi\ingsw\gc49\server\model\Card\CharacterCard\CharacterCardTest.class
it\polimi\ingsw\gc49\server\model\Card\BuildingCard\BuildingCardTest.class
it\polimi\ingsw\gc49\server\rooms\PlayingRoomTest.class
it\polimi\ingsw\gc49\model\Card\TribeCards\EventCard\EventCardTest.class
it\polimi\ingsw\gc49\model\Card\TribeCards\CharacterCard\CharacterCardTest.class
it\polimi\ingsw\gc49\server\model\Card\BuildingCard\TwentyFiveBonusPointsEndGameTest.class
it\polimi\ingsw\gc49\client\view\mockupModel\MockupOfferTest.class
it\polimi\ingsw\gc49\client\user_input_interfaces\TerminalCommandTest.class
it\polimi\ingsw\gc49\model\CardBoard\LineTest.class
it\polimi\ingsw\gc49\server\model\States\DeckEmptiedExceptionTest.class
it\polimi\ingsw\gc49\server\model\States\TotemChoosingTest.class
it\polimi\ingsw\gc49\server\model\States\RoundEndTest.class
it\polimi\ingsw\gc49\server\model\Card\CharacterCard\CharacterCardTest$InventorTest.class
it\polimi\ingsw\gc49\server\model\Track\OrderSlotTest.class
it\polimi\ingsw\gc49\model\Card\TribeCards\CharacterCard\CharacterCardTest2.class
it\polimi\ingsw\gc49\server\model\Card\EventCard\PaintingEventTest.class
it\polimi\ingsw\gc49\server\model\playerExceptions\InvalidTotemTest.class
it\polimi\ingsw\gc49\server\model\Card\BuildingCard\BuildingCardQueueUpdaterTest.class
it\polimi\ingsw\gc49\server\model\playerExceptions\PlayerExceptionTest.class
it\polimi\ingsw\gc49\client\view\mockupHall\MockupRoomTest.class
it\polimi\ingsw\gc49\server\model\States\InitialSetupTest.class
it\polimi\ingsw\gc49\server\model\Card\EventCard\EventCardTest$TestEventCard.class
it\polimi\ingsw\gc49\server\model\GameTest$ChooseTotem.class
it\polimi\ingsw\gc49\server\model\Card\CardTest.class
it\polimi\ingsw\gc49\server\model\Card\CharacterCard\CharacterCardTest$ShamanTest.class
it\polimi\ingsw\gc49\server\model\Track\TrackTest$Sizing.class
it\polimi\ingsw\gc49\server\model\CardBoard\DeckTest.class
it\polimi\ingsw\gc49\client\user_input_interfaces\UserInputInterfaceTest.class
it\polimi\ingsw\gc49\server\model\Card\BuildingCard\BonusHuntingCardTest.class
it\polimi\ingsw\gc49\server\model\Card\CharacterCard\CharacterCardTest$SharedBehaviour.class
it\polimi\ingsw\gc49\server\model\Card\CharacterCard\ShamanTest.class
it\polimi\ingsw\gc49\server\model\GameTest.class
it\polimi\ingsw\gc49\client\view\mockupModel\MockupGameTest.class
it\polimi\ingsw\gc49\server\model\Card\BuildingCard\BonusPointsByClassEndGameCardTest.class
it\polimi\ingsw\gc49\server\model\States\EraEndedExceptionTest.class
it\polimi\ingsw\gc49\model\Card\TribeCards\EventCard\EventCardWithoutBuildingEffectsTest.class
it\polimi\ingsw\gc49\server\model\GameTest$NotYourTurn.class
it\polimi\ingsw\gc49\server\model\Card\EventCard\EventCardTest.class
it\polimi\ingsw\gc49\server\model\Card\BuildingCard\BonusPaintingCardTest.class
it\polimi\ingsw\gc49\server\model\Card\BuildingCard\ShamanicImmunityCardTest.class
it\polimi\ingsw\gc49\server\model\Card\CharacterCard\CharacterCardTest$GathererTest.class
it\polimi\ingsw\gc49\server\model\Card\CharacterCard\HunterTest.class
it\polimi\ingsw\gc49\server\model\Card\BuildingCard\ShamanicThreeStarCardTest.class
it\polimi\ingsw\gc49\client\user_input_interfaces\UserInputInterfaceTest$FakeInputInterface.class
it\polimi\ingsw\gc49\server\model\PlayerTest.class
it\polimi\ingsw\gc49\server\model\Card\BuildingCard\SustainDiscountByClassCardTest.class
it\polimi\ingsw\gc49\server\model\GameTest$Construction.class
it\polimi\ingsw\gc49\client\view\mockupModel\MockupOrderTest.class
it\polimi\ingsw\gc49\server\model\Card\BuildingCard\CharacterSetCompletePointEndGameCardTest.class
it\polimi\ingsw\gc49\server\model\States\GameEndTest.class
it\polimi\ingsw\gc49\model\CardBoard\DeckTest.class
it\polimi\ingsw\gc49\server\model\States\OfferExecutionTest.class
it\polimi\ingsw\gc49\client\ClientApplicationTest.class
it\polimi\ingsw\gc49\server\model\EventManagerTest$CountingListener.class
it\polimi\ingsw\gc49\server\model\Track\TrackTest.class
