C:\Users\Max\progetti\IS26-GC49\src\test\java\it\polimi\ingsw\gc49\client\ClientApplicationTest.java
C:\Users\Max\progetti\IS26-GC49\src\test\java\it\polimi\ingsw\gc49\client\gui\GamePanelRenderSmokeTest.java
C:\Users\Max\progetti\IS26-GC49\src\test\java\it\polimi\ingsw\gc49\client\gui\ImageAssetManagerTest.java
C:\Users\Max\progetti\IS26-GC49\src\test\java\it\polimi\ingsw\gc49\client\user_input_interfaces\CommandsListTest.java
C:\Users\Max\progetti\IS26-GC49\src\test\java\it\polimi\ingsw\gc49\client\user_input_interfaces\LegendTest.java
C:\Users\Max\progetti\IS26-GC49\src\test\java\it\polimi\ingsw\gc49\client\user_input_interfaces\ManualTest.java
C:\Users\Max\progetti\IS26-GC49\src\test\java\it\polimi\ingsw\gc49\client\user_input_interfaces\TerminalCommandTest.java
C:\Users\Max\progetti\IS26-GC49\src\test\java\it\polimi\ingsw\gc49\client\user_input_interfaces\UserInputInterfaceTest.java
C:\Users\Max\progetti\IS26-GC49\src\test\java\it\polimi\ingsw\gc49\client\view\mockupHall\MockupHallTest.java
C:\Users\Max\progetti\IS26-GC49\src\test\java\it\polimi\ingsw\gc49\client\view\mockupHall\MockupRoomTest.java
C:\Users\Max\progetti\IS26-GC49\src\test\java\it\polimi\ingsw\gc49\client\view\mockupModel\MockupGameTest.java
C:\Users\Max\progetti\IS26-GC49\src\test\java\it\polimi\ingsw\gc49\client\view\mockupModel\MockupOfferTest.java
C:\Users\Max\progetti\IS26-GC49\src\test\java\it\polimi\ingsw\gc49\client\view\mockupModel\MockupOrderTest.java
C:\Users\Max\progetti\IS26-GC49\src\test\java\it\polimi\ingsw\gc49\model\CardBoard\DeckTest.java
C:\Users\Max\progetti\IS26-GC49\src\test\java\it\polimi\ingsw\gc49\model\CardBoard\LineTest.java
C:\Users\Max\progetti\IS26-GC49\src\test\java\it\polimi\ingsw\gc49\rmi_socket\virtualMethods\ApplicationPhaseTest.java
C:\Users\Max\progetti\IS26-GC49\src\test\java\it\polimi\ingsw\gc49\server\model\Card\BuildingCard\BonusHuntingCardTest.java
C:\Users\Max\progetti\IS26-GC49\src\test\java\it\polimi\ingsw\gc49\server\model\Card\BuildingCard\BonusPaintingCardTest.java
C:\Users\Max\progetti\IS26-GC49\src\test\java\it\polimi\ingsw\gc49\server\model\Card\BuildingCard\BonusPointsByClassEndGameCardTest.java
C:\Users\Max\progetti\IS26-GC49\src\test\java\it\polimi\ingsw\gc49\server\model\Card\BuildingCard\BuildingCardQueueUpdaterTest.java
C:\Users\Max\progetti\IS26-GC49\src\test\java\it\polimi\ingsw\gc49\server\model\Card\BuildingCard\BuildingCardTest.java
C:\Users\Max\progetti\IS26-GC49\src\test\java\it\polimi\ingsw\gc49\server\model\Card\BuildingCard\CharacterSetCompletePointEndGameCardTest.java
C:\Users\Max\progetti\IS26-GC49\src\test\java\it\polimi\ingsw\gc49\server\model\Card\BuildingCard\DoubleBuilderPointsCardTest.java
C:\Users\Max\progetti\IS26-GC49\src\test\java\it\polimi\ingsw\gc49\server\model\Card\BuildingCard\DoubleShamanPointsCardTest.java
C:\Users\Max\progetti\IS26-GC49\src\test\java\it\polimi\ingsw\gc49\server\model\Card\BuildingCard\SamePairInventionsCardTest.java
C:\Users\Max\progetti\IS26-GC49\src\test\java\it\polimi\ingsw\gc49\server\model\Card\BuildingCard\ShamanicImmunityCardTest.java
C:\Users\Max\progetti\IS26-GC49\src\test\java\it\polimi\ingsw\gc49\server\model\Card\BuildingCard\ShamanicThreeStarCardTest.java
C:\Users\Max\progetti\IS26-GC49\src\test\java\it\polimi\ingsw\gc49\server\model\Card\BuildingCard\SustainDiscountByClassCardTest.java
C:\Users\Max\progetti\IS26-GC49\src\test\java\it\polimi\ingsw\gc49\server\model\Card\BuildingCard\TwentyFiveBonusPointsEndGameTest.java
C:\Users\Max\progetti\IS26-GC49\src\test\java\it\polimi\ingsw\gc49\server\model\Card\CardTest.java
C:\Users\Max\progetti\IS26-GC49\src\test\java\it\polimi\ingsw\gc49\server\model\Card\CharacterCard\ArtistTest.java
C:\Users\Max\progetti\IS26-GC49\src\test\java\it\polimi\ingsw\gc49\server\model\Card\CharacterCard\BuilderTest.java
C:\Users\Max\progetti\IS26-GC49\src\test\java\it\polimi\ingsw\gc49\server\model\Card\CharacterCard\CharacterCardRenderingTest.java
C:\Users\Max\progetti\IS26-GC49\src\test\java\it\polimi\ingsw\gc49\server\model\Card\CharacterCard\CharacterCardTest.java
C:\Users\Max\progetti\IS26-GC49\src\test\java\it\polimi\ingsw\gc49\server\model\Card\CharacterCard\HunterTest.java
C:\Users\Max\progetti\IS26-GC49\src\test\java\it\polimi\ingsw\gc49\server\model\Card\CharacterCard\InventorTest.java
C:\Users\Max\progetti\IS26-GC49\src\test\java\it\polimi\ingsw\gc49\server\model\Card\CharacterCard\ShamanTest.java
C:\Users\Max\progetti\IS26-GC49\src\test\java\it\polimi\ingsw\gc49\server\model\Card\EventCard\EventCardRenderingTest.java
C:\Users\Max\progetti\IS26-GC49\src\test\java\it\polimi\ingsw\gc49\server\model\Card\EventCard\EventCardTest.java
C:\Users\Max\progetti\IS26-GC49\src\test\java\it\polimi\ingsw\gc49\server\model\Card\EventCard\HuntingEventTest.java
C:\Users\Max\progetti\IS26-GC49\src\test\java\it\polimi\ingsw\gc49\server\model\Card\EventCard\PaintingEventTest.java
C:\Users\Max\progetti\IS26-GC49\src\test\java\it\polimi\ingsw\gc49\server\model\Card\EventCard\SustenanceEventTest.java
C:\Users\Max\progetti\IS26-GC49\src\test\java\it\polimi\ingsw\gc49\server\model\Card\TribeCards\CharacterCard\CharacterCardTest.java
C:\Users\Max\progetti\IS26-GC49\src\test\java\it\polimi\ingsw\gc49\server\model\Card\TribeCards\CharacterCard\CharacterCardTest2.java
C:\Users\Max\progetti\IS26-GC49\src\test\java\it\polimi\ingsw\gc49\server\model\Card\TribeCards\EventCard\EventCardTest.java
C:\Users\Max\progetti\IS26-GC49\src\test\java\it\polimi\ingsw\gc49\server\model\Card\TribeCards\EventCard\EventCardWithBuildingEffectsTest.java
C:\Users\Max\progetti\IS26-GC49\src\test\java\it\polimi\ingsw\gc49\server\model\Card\TribeCards\EventCard\EventCardWithoutBuildingEffectsTest.java
C:\Users\Max\progetti\IS26-GC49\src\test\java\it\polimi\ingsw\gc49\server\model\CardBoard\DeckLoadingTest.java
C:\Users\Max\progetti\IS26-GC49\src\test\java\it\polimi\ingsw\gc49\server\model\CardBoard\DeckTest.java
C:\Users\Max\progetti\IS26-GC49\src\test\java\it\polimi\ingsw\gc49\server\model\CardBoard\LineTest.java
C:\Users\Max\progetti\IS26-GC49\src\test\java\it\polimi\ingsw\gc49\server\model\DataBankTest.java
C:\Users\Max\progetti\IS26-GC49\src\test\java\it\polimi\ingsw\gc49\server\model\EventManagerTest.java
C:\Users\Max\progetti\IS26-GC49\src\test\java\it\polimi\ingsw\gc49\server\model\GameTest.java
C:\Users\Max\progetti\IS26-GC49\src\test\java\it\polimi\ingsw\gc49\server\model\playerExceptions\InvalidTotemTest.java
C:\Users\Max\progetti\IS26-GC49\src\test\java\it\polimi\ingsw\gc49\server\model\playerExceptions\NotValidOfferExceptionTest.java
C:\Users\Max\progetti\IS26-GC49\src\test\java\it\polimi\ingsw\gc49\server\model\playerExceptions\NotYourTurnExceptionTest.java
C:\Users\Max\progetti\IS26-GC49\src\test\java\it\polimi\ingsw\gc49\server\model\playerExceptions\PlayerExceptionTest.java
C:\Users\Max\progetti\IS26-GC49\src\test\java\it\polimi\ingsw\gc49\server\model\PlayerTest.java
C:\Users\Max\progetti\IS26-GC49\src\test\java\it\polimi\ingsw\gc49\server\model\States\DeckEmptiedExceptionTest.java
C:\Users\Max\progetti\IS26-GC49\src\test\java\it\polimi\ingsw\gc49\server\model\States\EraEndedExceptionTest.java
C:\Users\Max\progetti\IS26-GC49\src\test\java\it\polimi\ingsw\gc49\server\model\States\EraEndTest.java
C:\Users\Max\progetti\IS26-GC49\src\test\java\it\polimi\ingsw\gc49\server\model\States\GameEndTest.java
C:\Users\Max\progetti\IS26-GC49\src\test\java\it\polimi\ingsw\gc49\server\model\States\InitialSetupTest.java
C:\Users\Max\progetti\IS26-GC49\src\test\java\it\polimi\ingsw\gc49\server\model\States\OfferExecutionTest.java
C:\Users\Max\progetti\IS26-GC49\src\test\java\it\polimi\ingsw\gc49\server\model\States\RoundEndTest.java
C:\Users\Max\progetti\IS26-GC49\src\test\java\it\polimi\ingsw\gc49\server\model\States\TotemChoosingTest.java
C:\Users\Max\progetti\IS26-GC49\src\test\java\it\polimi\ingsw\gc49\server\model\Track\OrderSlotTest.java
C:\Users\Max\progetti\IS26-GC49\src\test\java\it\polimi\ingsw\gc49\server\model\Track\TrackTest.java
C:\Users\Max\progetti\IS26-GC49\src\test\java\it\polimi\ingsw\gc49\server\rooms\PlayingRoomTest.java
C:\Users\Max\progetti\IS26-GC49\src\test\java\it\polimi\ingsw\gc49\server\rooms\WaitingRoomTest.java
